Scan mode 'unwrapped' scan cells:
------------------------------------------------------------------------------------------------------------------
CellNo  ChainName  GroupName  Pathname                          CellName  ScanOut  Clock             ClockPolarity
------------------------------------------------------------------------------------------------------------------
-       chain0     dummy      /ts_lockup_latchn_clkc1_intno5_i  DLL_X2             mc_rb_ef1_sclk_i  (-)          
0       chain0     dummy      /mc_rb_fuse_vld_q_reg             SDFFR_X1  Q        mc_rb_ef1_sclk_i  (+)          
1       chain0     dummy      /skew_addr_cntr_reg[0]            SDFFR_X2  Q        mc_rb_ef1_sclk_i  (+)          
2       chain0     dummy      /skew_addr_cntr_reg[2]            SDFFR_X2  Q        mc_rb_ef1_sclk_i  (+)          
3       chain0     dummy      /skew_addr_cntr_reg[1]            SDFFR_X2  Q        mc_rb_ef1_sclk_i  (+)          
4       chain0     dummy      /skew_addr_cntr_reg[3]            SDFFR_X2  Q        mc_rb_ef1_sclk_i  (+)          
5       chain0     dummy      /skew_addr_cntr_reg[4]            SDFFR_X2  Q        mc_rb_ef1_sclk_i  (+)          
------------------------------------------------------------------------------------------------------------------

